// Jest Snapshot v1, https://goo.gl/fbAQLP

exports[`renders resume unchanged 1`] = `
<div>
  <div
    class="MuiBox-root css-19midj6"
  >
    <div
      class="MuiGrid-root MuiGrid-container MuiGrid-spacing-xs-2 css-mhc70k-MuiGrid-root"
    >
      <div
        class="MuiGrid-root MuiGrid-item MuiGrid-grid-xs-12 MuiGrid-grid-sm-5 MuiGrid-grid-md-4 MuiGrid-grid-lg-3 css-1nwksuu-MuiGrid-root"
      >
        <div
          class="MuiPaper-root MuiPaper-elevation MuiPaper-rounded MuiPaper-elevation8 css-1qz17ui-MuiPaper-root"
        >
          <div
            class="MuiBox-root css-19midj6"
          >
            <div
              class="MuiBox-root css-xi606m"
            >
              <span
                style="box-sizing: border-box; display: inline-block; overflow: hidden; background: none; opacity: 1; border: 0px; margin: 0px; padding: 0px; position: relative; max-width: 100%;"
              >
                <span
                  style="box-sizing: border-box; display: block; background: none; opacity: 1; border: 0px; margin: 0px; padding: 0px; max-width: 100%;"
                >
                  <img
                    alt=""
                    aria-hidden="true"
                    src="data:image/svg+xml,%3csvg%20xmlns=%27http://www.w3.org/2000/svg%27%20version=%271.1%27%20width=%27256%27%20height=%27256%27/%3e"
                    style="display: block; max-width: 100%; background: none; opacity: 1; border: 0px; margin: 0px; padding: 0px;"
                  />
                </span>
                <img
                  alt=""
                  data-nimg="intrinsic"
                  decoding="async"
                  src="/_next/image?url=https%3A%2F%2Fwww.gravatar.com%2Favatar%2F411e15a4d857d45b5b21bfdd421f47d4%3Fd%3Dretro%26r%3Dg%26s%3D256&w=640&q=75"
                  srcset="/_next/image?url=https%3A%2F%2Fwww.gravatar.com%2Favatar%2F411e15a4d857d45b5b21bfdd421f47d4%3Fd%3Dretro%26r%3Dg%26s%3D256&w=256&q=75 1x, /_next/image?url=https%3A%2F%2Fwww.gravatar.com%2Favatar%2F411e15a4d857d45b5b21bfdd421f47d4%3Fd%3Dretro%26r%3Dg%26s%3D256&w=640&q=75 2x"
                  style="position: absolute; top: 0px; left: 0px; bottom: 0px; right: 0px; box-sizing: border-box; padding: 0px; margin: auto; display: block; width: 0px; height: 0px; min-width: 100%; max-width: 100%; min-height: 100%; max-height: 100%;"
                />
              </span>
            </div>
            <h4
              class="MuiTypography-root MuiTypography-h4 css-vj1wl6-MuiTypography-root"
            >
              Andrew Bliss
            </h4>
            <span
              class="MuiTypography-root MuiTypography-caption MuiTypography-gutterBottom css-10ylt8q-MuiTypography-root"
            >
              Senior Software Engineer using the React, Node, Postgres stack.
7+ years experience creating and executing software solutions to enhance business
productivity.
            </span>
            <ul
              class="MuiList-root MuiList-padding css-h4y409-MuiList-root"
              items="[object Object],[object Object],[object Object]"
            >
              <li
                class="MuiListItem-root MuiListItem-gutters css-198788c-MuiListItem-root"
              >
                <div
                  class="MuiListItemButton-root MuiListItemButton-gutters MuiButtonBase-root css-11mppf3-MuiButtonBase-root-MuiListItemButton-root"
                  role="button"
                  tabindex="0"
                >
                  <div
                    class="MuiListItemIcon-root css-cveggr-MuiListItemIcon-root"
                  >
                    <svg
                      aria-hidden="true"
                      class="MuiSvgIcon-root MuiSvgIcon-fontSizeMedium css-i4bv87-MuiSvgIcon-root"
                      data-testid="HomeIcon"
                      focusable="false"
                      viewBox="0 0 24 24"
                    >
                      <path
                        d="M10 20v-6h4v6h5v-8h3L12 3 2 12h3v8z"
                      />
                    </svg>
                  </div>
                  <div
                    class="MuiListItemText-root css-ee2sgw-MuiListItemText-root"
                  >
                    <span
                      class="MuiTypography-root MuiTypography-body1 MuiListItemText-primary css-10hburv-MuiTypography-root"
                    >
                      <span
                        class="MuiTypography-root MuiTypography-caption css-1sn4lm3-MuiTypography-root"
                      >
                        Draper
                        , 
                        UT
                      </span>
                    </span>
                  </div>
                  <span
                    class="MuiTouchRipple-root css-8je8zh-MuiTouchRipple-root"
                  />
                </div>
              </li>
              <li
                class="MuiListItem-root MuiListItem-gutters css-198788c-MuiListItem-root"
              >
                <div
                  class="MuiListItemButton-root MuiListItemButton-gutters MuiButtonBase-root css-11mppf3-MuiButtonBase-root-MuiListItemButton-root"
                  role="button"
                  tabindex="0"
                >
                  <div
                    class="MuiListItemIcon-root css-cveggr-MuiListItemIcon-root"
                  >
                    <svg
                      aria-hidden="true"
                      class="MuiSvgIcon-root MuiSvgIcon-fontSizeMedium css-i4bv87-MuiSvgIcon-root"
                      data-testid="EmailIcon"
                      focusable="false"
                      viewBox="0 0 24 24"
                    >
                      <path
                        d="M20 4H4c-1.1 0-1.99.9-1.99 2L2 18c0 1.1.9 2 2 2h16c1.1 0 2-.9 2-2V6c0-1.1-.9-2-2-2zm0 4-8 5-8-5V6l8 5 8-5v2z"
                      />
                    </svg>
                  </div>
                  <div
                    class="MuiListItemText-root css-ee2sgw-MuiListItemText-root"
                  >
                    <span
                      class="MuiTypography-root MuiTypography-body1 MuiListItemText-primary css-10hburv-MuiTypography-root"
                    >
                      <span
                        class="MuiTypography-root MuiTypography-caption css-1sn4lm3-MuiTypography-root"
                      >
                        andrewgbliss@gmail.com
                      </span>
                    </span>
                  </div>
                  <span
                    class="MuiTouchRipple-root css-8je8zh-MuiTouchRipple-root"
                  />
                </div>
              </li>
              <li
                class="MuiListItem-root MuiListItem-gutters css-198788c-MuiListItem-root"
              >
                <div
                  class="MuiListItemButton-root MuiListItemButton-gutters MuiButtonBase-root css-11mppf3-MuiButtonBase-root-MuiListItemButton-root"
                  role="button"
                  tabindex="0"
                >
                  <div
                    class="MuiListItemIcon-root css-cveggr-MuiListItemIcon-root"
                  >
                    <svg
                      aria-hidden="true"
                      class="MuiSvgIcon-root MuiSvgIcon-fontSizeMedium css-i4bv87-MuiSvgIcon-root"
                      data-testid="PhoneIcon"
                      focusable="false"
                      viewBox="0 0 24 24"
                    >
                      <path
                        d="M6.62 10.79c1.44 2.83 3.76 5.14 6.59 6.59l2.2-2.2c.27-.27.67-.36 1.02-.24 1.12.37 2.33.57 3.57.57.55 0 1 .45 1 1V20c0 .55-.45 1-1 1-9.39 0-17-7.61-17-17 0-.55.45-1 1-1h3.5c.55 0 1 .45 1 1 0 1.25.2 2.45.57 3.57.11.35.03.74-.25 1.02l-2.2 2.2z"
                      />
                    </svg>
                  </div>
                  <div
                    class="MuiListItemText-root css-ee2sgw-MuiListItemText-root"
                  >
                    <span
                      class="MuiTypography-root MuiTypography-body1 MuiListItemText-primary css-10hburv-MuiTypography-root"
                    >
                      <span
                        class="MuiTypography-root MuiTypography-caption css-1sn4lm3-MuiTypography-root"
                      >
                        801.440.5615
                      </span>
                    </span>
                  </div>
                  <span
                    class="MuiTouchRipple-root css-8je8zh-MuiTouchRipple-root"
                  />
                </div>
              </li>
            </ul>
            <hr
              class="MuiDivider-root MuiDivider-fullWidth css-9mgopn-MuiDivider-root"
            />
            <h6
              class="MuiTypography-root MuiTypography-h6 css-pjapa6-MuiTypography-root"
            >
              Stevens-Henager College
            </h6>
            <ul
              class="MuiList-root MuiList-padding css-h4y409-MuiList-root"
              items="[object Object]"
            >
              <li
                class="MuiListItem-root MuiListItem-gutters css-198788c-MuiListItem-root"
              >
                <div
                  class="MuiListItemButton-root MuiListItemButton-gutters MuiButtonBase-root css-11mppf3-MuiButtonBase-root-MuiListItemButton-root"
                  role="button"
                  tabindex="0"
                >
                  <div
                    class="MuiListItemIcon-root css-cveggr-MuiListItemIcon-root"
                  >
                    <svg
                      aria-hidden="true"
                      class="MuiSvgIcon-root MuiSvgIcon-fontSizeMedium css-i4bv87-MuiSvgIcon-root"
                      data-testid="DateRangeIcon"
                      focusable="false"
                      viewBox="0 0 24 24"
                    >
                      <path
                        d="M9 11H7v2h2v-2zm4 0h-2v2h2v-2zm4 0h-2v2h2v-2zm2-7h-1V2h-2v2H8V2H6v2H5c-1.11 0-1.99.9-1.99 2L3 20c0 1.1.89 2 2 2h14c1.1 0 2-.9 2-2V6c0-1.1-.9-2-2-2zm0 16H5V9h14v11z"
                      />
                    </svg>
                  </div>
                  <div
                    class="MuiListItemText-root css-ee2sgw-MuiListItemText-root"
                  >
                    <span
                      class="MuiTypography-root MuiTypography-body1 MuiListItemText-primary css-10hburv-MuiTypography-root"
                    >
                      <span
                        class="MuiTypography-root MuiTypography-caption css-1sn4lm3-MuiTypography-root"
                      >
                        Sep, 2002
                         to 
                        Oct, 2006
                      </span>
                    </span>
                  </div>
                  <span
                    class="MuiTouchRipple-root css-8je8zh-MuiTouchRipple-root"
                  />
                </div>
              </li>
            </ul>
            <p
              class="MuiTypography-root MuiTypography-body2 css-1a2qswb-MuiTypography-root"
            >
              Bachelors of Computer Science
            </p>
            <hr
              class="MuiDivider-root MuiDivider-fullWidth css-9mgopn-MuiDivider-root"
            />
            <ul
              class="MuiList-root MuiList-padding css-h4y409-MuiList-root"
              items="[object Object],[object Object],[object Object]"
            >
              <li
                class="MuiListItem-root MuiListItem-gutters css-198788c-MuiListItem-root"
              >
                <div
                  class="MuiListItemButton-root MuiListItemButton-gutters MuiButtonBase-root css-11mppf3-MuiButtonBase-root-MuiListItemButton-root"
                  role="button"
                  tabindex="0"
                >
                  <div
                    class="MuiListItemIcon-root css-cveggr-MuiListItemIcon-root"
                  >
                    <svg
                      aria-hidden="true"
                      class="MuiSvgIcon-root MuiSvgIcon-fontSizeMedium css-i4bv87-MuiSvgIcon-root"
                      data-testid="LinkIcon"
                      focusable="false"
                      viewBox="0 0 24 24"
                    >
                      <path
                        d="M3.9 12c0-1.71 1.39-3.1 3.1-3.1h4V7H7c-2.76 0-5 2.24-5 5s2.24 5 5 5h4v-1.9H7c-1.71 0-3.1-1.39-3.1-3.1zM8 13h8v-2H8v2zm9-6h-4v1.9h4c1.71 0 3.1 1.39 3.1 3.1s-1.39 3.1-3.1 3.1h-4V17h4c2.76 0 5-2.24 5-5s-2.24-5-5-5z"
                      />
                    </svg>
                  </div>
                  <div
                    class="MuiListItemText-root css-ee2sgw-MuiListItemText-root"
                  >
                    <span
                      class="MuiTypography-root MuiTypography-body1 MuiListItemText-primary css-10hburv-MuiTypography-root"
                    >
                      <span
                        class="MuiTypography-root MuiTypography-caption css-1sn4lm3-MuiTypography-root"
                      >
                        <a
                          class="MuiTypography-root MuiTypography-inherit MuiLink-root MuiLink-underlineHover css-le90w3-MuiTypography-root-MuiLink-root"
                          href="http://www.github.com/andrewgbliss"
                          rel="noreferrer"
                          target="_blank"
                        >
                          http://www.github.com/andrewgbliss
                        </a>
                      </span>
                    </span>
                  </div>
                  <span
                    class="MuiTouchRipple-root css-8je8zh-MuiTouchRipple-root"
                  />
                </div>
              </li>
              <li
                class="MuiListItem-root MuiListItem-gutters css-198788c-MuiListItem-root"
              >
                <div
                  class="MuiListItemButton-root MuiListItemButton-gutters MuiButtonBase-root css-11mppf3-MuiButtonBase-root-MuiListItemButton-root"
                  role="button"
                  tabindex="0"
                >
                  <div
                    class="MuiListItemIcon-root css-cveggr-MuiListItemIcon-root"
                  >
                    <svg
                      aria-hidden="true"
                      class="MuiSvgIcon-root MuiSvgIcon-fontSizeMedium css-i4bv87-MuiSvgIcon-root"
                      data-testid="LinkIcon"
                      focusable="false"
                      viewBox="0 0 24 24"
                    >
                      <path
                        d="M3.9 12c0-1.71 1.39-3.1 3.1-3.1h4V7H7c-2.76 0-5 2.24-5 5s2.24 5 5 5h4v-1.9H7c-1.71 0-3.1-1.39-3.1-3.1zM8 13h8v-2H8v2zm9-6h-4v1.9h4c1.71 0 3.1 1.39 3.1 3.1s-1.39 3.1-3.1 3.1h-4V17h4c2.76 0 5-2.24 5-5s-2.24-5-5-5z"
                      />
                    </svg>
                  </div>
                  <div
                    class="MuiListItemText-root css-ee2sgw-MuiListItemText-root"
                  >
                    <span
                      class="MuiTypography-root MuiTypography-body1 MuiListItemText-primary css-10hburv-MuiTypography-root"
                    >
                      <span
                        class="MuiTypography-root MuiTypography-caption css-1sn4lm3-MuiTypography-root"
                      >
                        <a
                          class="MuiTypography-root MuiTypography-inherit MuiLink-root MuiLink-underlineHover css-le90w3-MuiTypography-root-MuiLink-root"
                          href="http://www.levelupdev.training"
                          rel="noreferrer"
                          target="_blank"
                        >
                          http://www.levelupdev.training
                        </a>
                      </span>
                    </span>
                  </div>
                  <span
                    class="MuiTouchRipple-root css-8je8zh-MuiTouchRipple-root"
                  />
                </div>
              </li>
              <li
                class="MuiListItem-root MuiListItem-gutters css-198788c-MuiListItem-root"
              >
                <div
                  class="MuiListItemButton-root MuiListItemButton-gutters MuiButtonBase-root css-11mppf3-MuiButtonBase-root-MuiListItemButton-root"
                  role="button"
                  tabindex="0"
                >
                  <div
                    class="MuiListItemIcon-root css-cveggr-MuiListItemIcon-root"
                  >
                    <svg
                      aria-hidden="true"
                      class="MuiSvgIcon-root MuiSvgIcon-fontSizeMedium css-i4bv87-MuiSvgIcon-root"
                      data-testid="LinkIcon"
                      focusable="false"
                      viewBox="0 0 24 24"
                    >
                      <path
                        d="M3.9 12c0-1.71 1.39-3.1 3.1-3.1h4V7H7c-2.76 0-5 2.24-5 5s2.24 5 5 5h4v-1.9H7c-1.71 0-3.1-1.39-3.1-3.1zM8 13h8v-2H8v2zm9-6h-4v1.9h4c1.71 0 3.1 1.39 3.1 3.1s-1.39 3.1-3.1 3.1h-4V17h4c2.76 0 5-2.24 5-5s-2.24-5-5-5z"
                      />
                    </svg>
                  </div>
                  <div
                    class="MuiListItemText-root css-ee2sgw-MuiListItemText-root"
                  >
                    <span
                      class="MuiTypography-root MuiTypography-body1 MuiListItemText-primary css-10hburv-MuiTypography-root"
                    >
                      <span
                        class="MuiTypography-root MuiTypography-caption css-1sn4lm3-MuiTypography-root"
                      >
                        <a
                          class="MuiTypography-root MuiTypography-inherit MuiLink-root MuiLink-underlineHover css-le90w3-MuiTypography-root-MuiLink-root"
                          href="https://www.linkedin.com/in/andrewgbliss/"
                          rel="noreferrer"
                          target="_blank"
                        >
                          https://www.linkedin.com/in/andrewgbliss/
                        </a>
                      </span>
                    </span>
                  </div>
                  <span
                    class="MuiTouchRipple-root css-8je8zh-MuiTouchRipple-root"
                  />
                </div>
              </li>
            </ul>
          </div>
        </div>
      </div>
      <div
        class="MuiGrid-root MuiGrid-item MuiGrid-grid-xs-12 MuiGrid-grid-sm-7 MuiGrid-grid-md-8 MuiGrid-grid-lg-9 css-1vnv3di-MuiGrid-root"
      >
        <div
          class="MuiPaper-root MuiPaper-elevation MuiPaper-rounded MuiPaper-elevation8 css-1qz17ui-MuiPaper-root"
        >
          <div
            class="MuiBox-root css-19midj6"
          >
            <h4
              class="MuiTypography-root MuiTypography-h4 MuiTypography-gutterBottom css-1vw6mcs-MuiTypography-root"
            >
              Work Experience
            </h4>
            <div
              class="MuiBox-root css-1sf3xto"
            >
              <h6
                class="MuiTypography-root MuiTypography-h6 css-2ulfj5-MuiTypography-root"
              >
                Senior Software Engineer
                 / 
                nth-child consulting
              </h6>
              <ul
                class="MuiList-root MuiList-padding MuiList-dense css-h4y409-MuiList-root"
                items="[object Object]"
              >
                <li
                  class="MuiListItem-root MuiListItem-dense MuiListItem-gutters css-198788c-MuiListItem-root"
                >
                  <div
                    class="MuiListItemButton-root MuiListItemButton-dense MuiListItemButton-gutters MuiButtonBase-root css-l18cg-MuiButtonBase-root-MuiListItemButton-root"
                    role="button"
                    tabindex="0"
                  >
                    <div
                      class="MuiListItemIcon-root css-cveggr-MuiListItemIcon-root"
                    >
                      <svg
                        aria-hidden="true"
                        class="MuiSvgIcon-root MuiSvgIcon-fontSizeMedium css-i4bv87-MuiSvgIcon-root"
                        data-testid="DateRangeIcon"
                        focusable="false"
                        viewBox="0 0 24 24"
                      >
                        <path
                          d="M9 11H7v2h2v-2zm4 0h-2v2h2v-2zm4 0h-2v2h2v-2zm2-7h-1V2h-2v2H8V2H6v2H5c-1.11 0-1.99.9-1.99 2L3 20c0 1.1.89 2 2 2h14c1.1 0 2-.9 2-2V6c0-1.1-.9-2-2-2zm0 16H5V9h14v11z"
                        />
                      </svg>
                    </div>
                    <div
                      class="MuiListItemText-root MuiListItemText-dense css-ee2sgw-MuiListItemText-root"
                    >
                      <span
                        class="MuiTypography-root MuiTypography-body2 MuiListItemText-primary css-et1ao3-MuiTypography-root"
                      >
                        Dec, 2017 - Current
                      </span>
                    </div>
                    <span
                      class="MuiTouchRipple-root css-8je8zh-MuiTouchRipple-root"
                    />
                  </div>
                </li>
              </ul>
              <ul
                class="MuiList-root MuiList-padding MuiList-dense css-h4y409-MuiList-root"
                items="[object Object],[object Object],[object Object]"
              >
                <li
                  class="MuiListItem-root MuiListItem-dense MuiListItem-gutters css-198788c-MuiListItem-root"
                >
                  <div
                    class="MuiListItemButton-root MuiListItemButton-dense MuiListItemButton-gutters MuiButtonBase-root css-l18cg-MuiButtonBase-root-MuiListItemButton-root"
                    role="button"
                    tabindex="0"
                  >
                    <div
                      class="MuiListItemText-root MuiListItemText-dense css-ee2sgw-MuiListItemText-root"
                    >
                      <span
                        class="MuiTypography-root MuiTypography-body2 MuiListItemText-primary css-et1ao3-MuiTypography-root"
                      >
                        <p
                          class="MuiTypography-root MuiTypography-body2 css-r40f8v-MuiTypography-root"
                        >
                          End to end project management. Creating features, tasks, and training for junior devs.
                        </p>
                      </span>
                    </div>
                    <span
                      class="MuiTouchRipple-root css-8je8zh-MuiTouchRipple-root"
                    />
                  </div>
                </li>
                <li
                  class="MuiListItem-root MuiListItem-dense MuiListItem-gutters css-198788c-MuiListItem-root"
                >
                  <div
                    class="MuiListItemButton-root MuiListItemButton-dense MuiListItemButton-gutters MuiButtonBase-root css-l18cg-MuiButtonBase-root-MuiListItemButton-root"
                    role="button"
                    tabindex="0"
                  >
                    <div
                      class="MuiListItemText-root MuiListItemText-dense css-ee2sgw-MuiListItemText-root"
                    >
                      <span
                        class="MuiTypography-root MuiTypography-body2 MuiListItemText-primary css-et1ao3-MuiTypography-root"
                      >
                        <p
                          class="MuiTypography-root MuiTypography-body2 css-r40f8v-MuiTypography-root"
                        >
                          Planned the structure for each business application with documentation, testing, and code reviews.
                        </p>
                      </span>
                    </div>
                    <span
                      class="MuiTouchRipple-root css-8je8zh-MuiTouchRipple-root"
                    />
                  </div>
                </li>
                <li
                  class="MuiListItem-root MuiListItem-dense MuiListItem-gutters css-198788c-MuiListItem-root"
                >
                  <div
                    class="MuiListItemButton-root MuiListItemButton-dense MuiListItemButton-gutters MuiButtonBase-root css-l18cg-MuiButtonBase-root-MuiListItemButton-root"
                    role="button"
                    tabindex="0"
                  >
                    <div
                      class="MuiListItemText-root MuiListItemText-dense css-ee2sgw-MuiListItemText-root"
                    >
                      <span
                        class="MuiTypography-root MuiTypography-body2 MuiListItemText-primary css-et1ao3-MuiTypography-root"
                      >
                        <p
                          class="MuiTypography-root MuiTypography-body2 css-r40f8v-MuiTypography-root"
                        >
                          Created and deployed frontend apps, microservices, REST API, webhooks, real time sockets, lambda functions.
                        </p>
                      </span>
                    </div>
                    <span
                      class="MuiTouchRipple-root css-8je8zh-MuiTouchRipple-root"
                    />
                  </div>
                </li>
              </ul>
              <div
                class="MuiBox-root css-w8g6gl"
              >
                <div
                  class="MuiGrid-root MuiGrid-container css-11lq3yg-MuiGrid-root"
                >
                  <div
                    class="MuiGrid-root MuiGrid-item css-13i4rnv-MuiGrid-root"
                  >
                    <div
                      class="MuiBox-root css-w2mlyf"
                    >
                      <div
                        class="MuiChip-root MuiChip-filled MuiChip-sizeMedium MuiChip-colorDefault MuiChip-filledDefault css-1lvn5ed-MuiChip-root"
                      >
                        <span
                          class="MuiChip-label MuiChip-labelMedium css-6od3lo-MuiChip-label"
                        >
                          React
                        </span>
                      </div>
                    </div>
                  </div>
                  <div
                    class="MuiGrid-root MuiGrid-item css-13i4rnv-MuiGrid-root"
                  >
                    <div
                      class="MuiBox-root css-w2mlyf"
                    >
                      <div
                        class="MuiChip-root MuiChip-filled MuiChip-sizeMedium MuiChip-colorDefault MuiChip-filledDefault css-1lvn5ed-MuiChip-root"
                      >
                        <span
                          class="MuiChip-label MuiChip-labelMedium css-6od3lo-MuiChip-label"
                        >
                          Node
                        </span>
                      </div>
                    </div>
                  </div>
                  <div
                    class="MuiGrid-root MuiGrid-item css-13i4rnv-MuiGrid-root"
                  >
                    <div
                      class="MuiBox-root css-w2mlyf"
                    >
                      <div
                        class="MuiChip-root MuiChip-filled MuiChip-sizeMedium MuiChip-colorDefault MuiChip-filledDefault css-1lvn5ed-MuiChip-root"
                      >
                        <span
                          class="MuiChip-label MuiChip-labelMedium css-6od3lo-MuiChip-label"
                        >
                          Postgres
                        </span>
                      </div>
                    </div>
                  </div>
                </div>
              </div>
              <hr
                class="MuiDivider-root MuiDivider-fullWidth css-9mgopn-MuiDivider-root"
              />
            </div>
            <div
              class="MuiBox-root css-1sf3xto"
            >
              <h6
                class="MuiTypography-root MuiTypography-h6 css-2ulfj5-MuiTypography-root"
              >
                Senior Full Stack Developer
                 / 
                Grow
              </h6>
              <ul
                class="MuiList-root MuiList-padding MuiList-dense css-h4y409-MuiList-root"
                items="[object Object]"
              >
                <li
                  class="MuiListItem-root MuiListItem-dense MuiListItem-gutters css-198788c-MuiListItem-root"
                >
                  <div
                    class="MuiListItemButton-root MuiListItemButton-dense MuiListItemButton-gutters MuiButtonBase-root css-l18cg-MuiButtonBase-root-MuiListItemButton-root"
                    role="button"
                    tabindex="0"
                  >
                    <div
                      class="MuiListItemIcon-root css-cveggr-MuiListItemIcon-root"
                    >
                      <svg
                        aria-hidden="true"
                        class="MuiSvgIcon-root MuiSvgIcon-fontSizeMedium css-i4bv87-MuiSvgIcon-root"
                        data-testid="DateRangeIcon"
                        focusable="false"
                        viewBox="0 0 24 24"
                      >
                        <path
                          d="M9 11H7v2h2v-2zm4 0h-2v2h2v-2zm4 0h-2v2h2v-2zm2-7h-1V2h-2v2H8V2H6v2H5c-1.11 0-1.99.9-1.99 2L3 20c0 1.1.89 2 2 2h14c1.1 0 2-.9 2-2V6c0-1.1-.9-2-2-2zm0 16H5V9h14v11z"
                        />
                      </svg>
                    </div>
                    <div
                      class="MuiListItemText-root MuiListItemText-dense css-ee2sgw-MuiListItemText-root"
                    >
                      <span
                        class="MuiTypography-root MuiTypography-body2 MuiListItemText-primary css-et1ao3-MuiTypography-root"
                      >
                        Feb, 2014 - Nov, 2017
                      </span>
                    </div>
                    <span
                      class="MuiTouchRipple-root css-8je8zh-MuiTouchRipple-root"
                    />
                  </div>
                </li>
              </ul>
              <ul
                class="MuiList-root MuiList-padding MuiList-dense css-h4y409-MuiList-root"
                items="[object Object],[object Object],[object Object]"
              >
                <li
                  class="MuiListItem-root MuiListItem-dense MuiListItem-gutters css-198788c-MuiListItem-root"
                >
                  <div
                    class="MuiListItemButton-root MuiListItemButton-dense MuiListItemButton-gutters MuiButtonBase-root css-l18cg-MuiButtonBase-root-MuiListItemButton-root"
                    role="button"
                    tabindex="0"
                  >
                    <div
                      class="MuiListItemText-root MuiListItemText-dense css-ee2sgw-MuiListItemText-root"
                    >
                      <span
                        class="MuiTypography-root MuiTypography-body2 MuiListItemText-primary css-et1ao3-MuiTypography-root"
                      >
                        <p
                          class="MuiTypography-root MuiTypography-body2 css-r40f8v-MuiTypography-root"
                        >
                          Designed and developed REST APIs that connected to hundreds of 3rd party data sources using React, Node and Postgres.
                        </p>
                      </span>
                    </div>
                    <span
                      class="MuiTouchRipple-root css-8je8zh-MuiTouchRipple-root"
                    />
                  </div>
                </li>
                <li
                  class="MuiListItem-root MuiListItem-dense MuiListItem-gutters css-198788c-MuiListItem-root"
                >
                  <div
                    class="MuiListItemButton-root MuiListItemButton-dense MuiListItemButton-gutters MuiButtonBase-root css-l18cg-MuiButtonBase-root-MuiListItemButton-root"
                    role="button"
                    tabindex="0"
                  >
                    <div
                      class="MuiListItemText-root MuiListItemText-dense css-ee2sgw-MuiListItemText-root"
                    >
                      <span
                        class="MuiTypography-root MuiTypography-body2 MuiListItemText-primary css-et1ao3-MuiTypography-root"
                      >
                        <p
                          class="MuiTypography-root MuiTypography-body2 css-r40f8v-MuiTypography-root"
                        >
                          Implemented a data warehouse that was scalable to handle heavy workloads.
                        </p>
                      </span>
                    </div>
                    <span
                      class="MuiTouchRipple-root css-8je8zh-MuiTouchRipple-root"
                    />
                  </div>
                </li>
                <li
                  class="MuiListItem-root MuiListItem-dense MuiListItem-gutters css-198788c-MuiListItem-root"
                >
                  <div
                    class="MuiListItemButton-root MuiListItemButton-dense MuiListItemButton-gutters MuiButtonBase-root css-l18cg-MuiButtonBase-root-MuiListItemButton-root"
                    role="button"
                    tabindex="0"
                  >
                    <div
                      class="MuiListItemText-root MuiListItemText-dense css-ee2sgw-MuiListItemText-root"
                    >
                      <span
                        class="MuiTypography-root MuiTypography-body2 MuiListItemText-primary css-et1ao3-MuiTypography-root"
                      >
                        <p
                          class="MuiTypography-root MuiTypography-body2 css-r40f8v-MuiTypography-root"
                        >
                          Created the business intelligence dashboard that would connect in real time to provide analytics for the client.
                        </p>
                      </span>
                    </div>
                    <span
                      class="MuiTouchRipple-root css-8je8zh-MuiTouchRipple-root"
                    />
                  </div>
                </li>
              </ul>
              <div
                class="MuiBox-root css-w8g6gl"
              >
                <div
                  class="MuiGrid-root MuiGrid-container css-11lq3yg-MuiGrid-root"
                >
                  <div
                    class="MuiGrid-root MuiGrid-item css-13i4rnv-MuiGrid-root"
                  >
                    <div
                      class="MuiBox-root css-w2mlyf"
                    >
                      <div
                        class="MuiChip-root MuiChip-filled MuiChip-sizeMedium MuiChip-colorDefault MuiChip-filledDefault css-1lvn5ed-MuiChip-root"
                      >
                        <span
                          class="MuiChip-label MuiChip-labelMedium css-6od3lo-MuiChip-label"
                        >
                          React
                        </span>
                      </div>
                    </div>
                  </div>
                  <div
                    class="MuiGrid-root MuiGrid-item css-13i4rnv-MuiGrid-root"
                  >
                    <div
                      class="MuiBox-root css-w2mlyf"
                    >
                      <div
                        class="MuiChip-root MuiChip-filled MuiChip-sizeMedium MuiChip-colorDefault MuiChip-filledDefault css-1lvn5ed-MuiChip-root"
                      >
                        <span
                          class="MuiChip-label MuiChip-labelMedium css-6od3lo-MuiChip-label"
                        >
                          Node
                        </span>
                      </div>
                    </div>
                  </div>
                  <div
                    class="MuiGrid-root MuiGrid-item css-13i4rnv-MuiGrid-root"
                  >
                    <div
                      class="MuiBox-root css-w2mlyf"
                    >
                      <div
                        class="MuiChip-root MuiChip-filled MuiChip-sizeMedium MuiChip-colorDefault MuiChip-filledDefault css-1lvn5ed-MuiChip-root"
                      >
                        <span
                          class="MuiChip-label MuiChip-labelMedium css-6od3lo-MuiChip-label"
                        >
                          Postgres
                        </span>
                      </div>
                    </div>
                  </div>
                </div>
              </div>
              <hr
                class="MuiDivider-root MuiDivider-fullWidth css-9mgopn-MuiDivider-root"
              />
            </div>
            <div
              class="MuiBox-root css-1sf3xto"
            >
              <h6
                class="MuiTypography-root MuiTypography-h6 css-2ulfj5-MuiTypography-root"
              >
                Senior Web Developer
                 / 
                Rain
              </h6>
              <ul
                class="MuiList-root MuiList-padding MuiList-dense css-h4y409-MuiList-root"
                items="[object Object]"
              >
                <li
                  class="MuiListItem-root MuiListItem-dense MuiListItem-gutters css-198788c-MuiListItem-root"
                >
                  <div
                    class="MuiListItemButton-root MuiListItemButton-dense MuiListItemButton-gutters MuiButtonBase-root css-l18cg-MuiButtonBase-root-MuiListItemButton-root"
                    role="button"
                    tabindex="0"
                  >
                    <div
                      class="MuiListItemIcon-root css-cveggr-MuiListItemIcon-root"
                    >
                      <svg
                        aria-hidden="true"
                        class="MuiSvgIcon-root MuiSvgIcon-fontSizeMedium css-i4bv87-MuiSvgIcon-root"
                        data-testid="DateRangeIcon"
                        focusable="false"
                        viewBox="0 0 24 24"
                      >
                        <path
                          d="M9 11H7v2h2v-2zm4 0h-2v2h2v-2zm4 0h-2v2h2v-2zm2-7h-1V2h-2v2H8V2H6v2H5c-1.11 0-1.99.9-1.99 2L3 20c0 1.1.89 2 2 2h14c1.1 0 2-.9 2-2V6c0-1.1-.9-2-2-2zm0 16H5V9h14v11z"
                        />
                      </svg>
                    </div>
                    <div
                      class="MuiListItemText-root MuiListItemText-dense css-ee2sgw-MuiListItemText-root"
                    >
                      <span
                        class="MuiTypography-root MuiTypography-body2 MuiListItemText-primary css-et1ao3-MuiTypography-root"
                      >
                        Mar, 2013 - Feb, 2014
                      </span>
                    </div>
                    <span
                      class="MuiTouchRipple-root css-8je8zh-MuiTouchRipple-root"
                    />
                  </div>
                </li>
              </ul>
              <ul
                class="MuiList-root MuiList-padding MuiList-dense css-h4y409-MuiList-root"
                items="[object Object],[object Object],[object Object]"
              >
                <li
                  class="MuiListItem-root MuiListItem-dense MuiListItem-gutters css-198788c-MuiListItem-root"
                >
                  <div
                    class="MuiListItemButton-root MuiListItemButton-dense MuiListItemButton-gutters MuiButtonBase-root css-l18cg-MuiButtonBase-root-MuiListItemButton-root"
                    role="button"
                    tabindex="0"
                  >
                    <div
                      class="MuiListItemText-root MuiListItemText-dense css-ee2sgw-MuiListItemText-root"
                    >
                      <span
                        class="MuiTypography-root MuiTypography-body2 MuiListItemText-primary css-et1ao3-MuiTypography-root"
                      >
                        <p
                          class="MuiTypography-root MuiTypography-body2 css-r40f8v-MuiTypography-root"
                        >
                          Created a PHP RESTful API in CakePHP that would interface with School Specialty, Clever, SES, and Twilio APIs.
                        </p>
                      </span>
                    </div>
                    <span
                      class="MuiTouchRipple-root css-8je8zh-MuiTouchRipple-root"
                    />
                  </div>
                </li>
                <li
                  class="MuiListItem-root MuiListItem-dense MuiListItem-gutters css-198788c-MuiListItem-root"
                >
                  <div
                    class="MuiListItemButton-root MuiListItemButton-dense MuiListItemButton-gutters MuiButtonBase-root css-l18cg-MuiButtonBase-root-MuiListItemButton-root"
                    role="button"
                    tabindex="0"
                  >
                    <div
                      class="MuiListItemText-root MuiListItemText-dense css-ee2sgw-MuiListItemText-root"
                    >
                      <span
                        class="MuiTypography-root MuiTypography-body2 MuiListItemText-primary css-et1ao3-MuiTypography-root"
                      >
                        <p
                          class="MuiTypography-root MuiTypography-body2 css-r40f8v-MuiTypography-root"
                        >
                          SaaS application would deliver alerts to students about events. Students, Teachers and Admins could use this app to display calendar information and course instruction.
                        </p>
                      </span>
                    </div>
                    <span
                      class="MuiTouchRipple-root css-8je8zh-MuiTouchRipple-root"
                    />
                  </div>
                </li>
                <li
                  class="MuiListItem-root MuiListItem-dense MuiListItem-gutters css-198788c-MuiListItem-root"
                >
                  <div
                    class="MuiListItemButton-root MuiListItemButton-dense MuiListItemButton-gutters MuiButtonBase-root css-l18cg-MuiButtonBase-root-MuiListItemButton-root"
                    role="button"
                    tabindex="0"
                  >
                    <div
                      class="MuiListItemText-root MuiListItemText-dense css-ee2sgw-MuiListItemText-root"
                    >
                      <span
                        class="MuiTypography-root MuiTypography-body2 MuiListItemText-primary css-et1ao3-MuiTypography-root"
                      >
                        <p
                          class="MuiTypography-root MuiTypography-body2 css-r40f8v-MuiTypography-root"
                        >
                          Developed application structure that could be used offline.
                        </p>
                      </span>
                    </div>
                    <span
                      class="MuiTouchRipple-root css-8je8zh-MuiTouchRipple-root"
                    />
                  </div>
                </li>
              </ul>
              <div
                class="MuiBox-root css-w8g6gl"
              >
                <div
                  class="MuiGrid-root MuiGrid-container css-11lq3yg-MuiGrid-root"
                >
                  <div
                    class="MuiGrid-root MuiGrid-item css-13i4rnv-MuiGrid-root"
                  >
                    <div
                      class="MuiBox-root css-w2mlyf"
                    >
                      <div
                        class="MuiChip-root MuiChip-filled MuiChip-sizeMedium MuiChip-colorDefault MuiChip-filledDefault css-1lvn5ed-MuiChip-root"
                      >
                        <span
                          class="MuiChip-label MuiChip-labelMedium css-6od3lo-MuiChip-label"
                        >
                          PHP
                        </span>
                      </div>
                    </div>
                  </div>
                  <div
                    class="MuiGrid-root MuiGrid-item css-13i4rnv-MuiGrid-root"
                  >
                    <div
                      class="MuiBox-root css-w2mlyf"
                    >
                      <div
                        class="MuiChip-root MuiChip-filled MuiChip-sizeMedium MuiChip-colorDefault MuiChip-filledDefault css-1lvn5ed-MuiChip-root"
                      >
                        <span
                          class="MuiChip-label MuiChip-labelMedium css-6od3lo-MuiChip-label"
                        >
                          MySQL
                        </span>
                      </div>
                    </div>
                  </div>
                  <div
                    class="MuiGrid-root MuiGrid-item css-13i4rnv-MuiGrid-root"
                  >
                    <div
                      class="MuiBox-root css-w2mlyf"
                    >
                      <div
                        class="MuiChip-root MuiChip-filled MuiChip-sizeMedium MuiChip-colorDefault MuiChip-filledDefault css-1lvn5ed-MuiChip-root"
                      >
                        <span
                          class="MuiChip-label MuiChip-labelMedium css-6od3lo-MuiChip-label"
                        >
                          Angular
                        </span>
                      </div>
                    </div>
                  </div>
                  <div
                    class="MuiGrid-root MuiGrid-item css-13i4rnv-MuiGrid-root"
                  >
                    <div
                      class="MuiBox-root css-w2mlyf"
                    >
                      <div
                        class="MuiChip-root MuiChip-filled MuiChip-sizeMedium MuiChip-colorDefault MuiChip-filledDefault css-1lvn5ed-MuiChip-root"
                      >
                        <span
                          class="MuiChip-label MuiChip-labelMedium css-6od3lo-MuiChip-label"
                        >
                          HTML
                        </span>
                      </div>
                    </div>
                  </div>
                  <div
                    class="MuiGrid-root MuiGrid-item css-13i4rnv-MuiGrid-root"
                  >
                    <div
                      class="MuiBox-root css-w2mlyf"
                    >
                      <div
                        class="MuiChip-root MuiChip-filled MuiChip-sizeMedium MuiChip-colorDefault MuiChip-filledDefault css-1lvn5ed-MuiChip-root"
                      >
                        <span
                          class="MuiChip-label MuiChip-labelMedium css-6od3lo-MuiChip-label"
                        >
                          CSS
                        </span>
                      </div>
                    </div>
                  </div>
                </div>
              </div>
              <hr
                class="MuiDivider-root MuiDivider-fullWidth css-9mgopn-MuiDivider-root"
              />
            </div>
            <div
              class="MuiBox-root css-1sf3xto"
            >
              <h6
                class="MuiTypography-root MuiTypography-h6 css-2ulfj5-MuiTypography-root"
              >
                Web Developer
                 / 
                Zagg
              </h6>
              <ul
                class="MuiList-root MuiList-padding MuiList-dense css-h4y409-MuiList-root"
                items="[object Object]"
              >
                <li
                  class="MuiListItem-root MuiListItem-dense MuiListItem-gutters css-198788c-MuiListItem-root"
                >
                  <div
                    class="MuiListItemButton-root MuiListItemButton-dense MuiListItemButton-gutters MuiButtonBase-root css-l18cg-MuiButtonBase-root-MuiListItemButton-root"
                    role="button"
                    tabindex="0"
                  >
                    <div
                      class="MuiListItemIcon-root css-cveggr-MuiListItemIcon-root"
                    >
                      <svg
                        aria-hidden="true"
                        class="MuiSvgIcon-root MuiSvgIcon-fontSizeMedium css-i4bv87-MuiSvgIcon-root"
                        data-testid="DateRangeIcon"
                        focusable="false"
                        viewBox="0 0 24 24"
                      >
                        <path
                          d="M9 11H7v2h2v-2zm4 0h-2v2h2v-2zm4 0h-2v2h2v-2zm2-7h-1V2h-2v2H8V2H6v2H5c-1.11 0-1.99.9-1.99 2L3 20c0 1.1.89 2 2 2h14c1.1 0 2-.9 2-2V6c0-1.1-.9-2-2-2zm0 16H5V9h14v11z"
                        />
                      </svg>
                    </div>
                    <div
                      class="MuiListItemText-root MuiListItemText-dense css-ee2sgw-MuiListItemText-root"
                    >
                      <span
                        class="MuiTypography-root MuiTypography-body2 MuiListItemText-primary css-et1ao3-MuiTypography-root"
                      >
                        Dec, 2010 - Feb, 2013
                      </span>
                    </div>
                    <span
                      class="MuiTouchRipple-root css-8je8zh-MuiTouchRipple-root"
                    />
                  </div>
                </li>
              </ul>
              <ul
                class="MuiList-root MuiList-padding MuiList-dense css-h4y409-MuiList-root"
                items="[object Object],[object Object],[object Object]"
              >
                <li
                  class="MuiListItem-root MuiListItem-dense MuiListItem-gutters css-198788c-MuiListItem-root"
                >
                  <div
                    class="MuiListItemButton-root MuiListItemButton-dense MuiListItemButton-gutters MuiButtonBase-root css-l18cg-MuiButtonBase-root-MuiListItemButton-root"
                    role="button"
                    tabindex="0"
                  >
                    <div
                      class="MuiListItemText-root MuiListItemText-dense css-ee2sgw-MuiListItemText-root"
                    >
                      <span
                        class="MuiTypography-root MuiTypography-body2 MuiListItemText-primary css-et1ao3-MuiTypography-root"
                      >
                        <p
                          class="MuiTypography-root MuiTypography-body2 css-r40f8v-MuiTypography-root"
                        >
                          Created APIs that would interface with 3rd party credit card APIs. Authorize.net, Cyber Source and PayPal.
                        </p>
                      </span>
                    </div>
                    <span
                      class="MuiTouchRipple-root css-8je8zh-MuiTouchRipple-root"
                    />
                  </div>
                </li>
                <li
                  class="MuiListItem-root MuiListItem-dense MuiListItem-gutters css-198788c-MuiListItem-root"
                >
                  <div
                    class="MuiListItemButton-root MuiListItemButton-dense MuiListItemButton-gutters MuiButtonBase-root css-l18cg-MuiButtonBase-root-MuiListItemButton-root"
                    role="button"
                    tabindex="0"
                  >
                    <div
                      class="MuiListItemText-root MuiListItemText-dense css-ee2sgw-MuiListItemText-root"
                    >
                      <span
                        class="MuiTypography-root MuiTypography-body2 MuiListItemText-primary css-et1ao3-MuiTypography-root"
                      >
                        <p
                          class="MuiTypography-root MuiTypography-body2 css-r40f8v-MuiTypography-root"
                        >
                          Created a PHP Backend system that customer service could use to create discounts, offers, sales, and orders.
                        </p>
                      </span>
                    </div>
                    <span
                      class="MuiTouchRipple-root css-8je8zh-MuiTouchRipple-root"
                    />
                  </div>
                </li>
                <li
                  class="MuiListItem-root MuiListItem-dense MuiListItem-gutters css-198788c-MuiListItem-root"
                >
                  <div
                    class="MuiListItemButton-root MuiListItemButton-dense MuiListItemButton-gutters MuiButtonBase-root css-l18cg-MuiButtonBase-root-MuiListItemButton-root"
                    role="button"
                    tabindex="0"
                  >
                    <div
                      class="MuiListItemText-root MuiListItemText-dense css-ee2sgw-MuiListItemText-root"
                    >
                      <span
                        class="MuiTypography-root MuiTypography-body2 MuiListItemText-primary css-et1ao3-MuiTypography-root"
                      >
                        <p
                          class="MuiTypography-root MuiTypography-body2 css-r40f8v-MuiTypography-root"
                        >
                          Developed HTML5 Frontend features that made checkout processes faster.
                        </p>
                      </span>
                    </div>
                    <span
                      class="MuiTouchRipple-root css-8je8zh-MuiTouchRipple-root"
                    />
                  </div>
                </li>
              </ul>
              <div
                class="MuiBox-root css-w8g6gl"
              >
                <div
                  class="MuiGrid-root MuiGrid-container css-11lq3yg-MuiGrid-root"
                >
                  <div
                    class="MuiGrid-root MuiGrid-item css-13i4rnv-MuiGrid-root"
                  >
                    <div
                      class="MuiBox-root css-w2mlyf"
                    >
                      <div
                        class="MuiChip-root MuiChip-filled MuiChip-sizeMedium MuiChip-colorDefault MuiChip-filledDefault css-1lvn5ed-MuiChip-root"
                      >
                        <span
                          class="MuiChip-label MuiChip-labelMedium css-6od3lo-MuiChip-label"
                        >
                          PHP
                        </span>
                      </div>
                    </div>
                  </div>
                  <div
                    class="MuiGrid-root MuiGrid-item css-13i4rnv-MuiGrid-root"
                  >
                    <div
                      class="MuiBox-root css-w2mlyf"
                    >
                      <div
                        class="MuiChip-root MuiChip-filled MuiChip-sizeMedium MuiChip-colorDefault MuiChip-filledDefault css-1lvn5ed-MuiChip-root"
                      >
                        <span
                          class="MuiChip-label MuiChip-labelMedium css-6od3lo-MuiChip-label"
                        >
                          MySQL
                        </span>
                      </div>
                    </div>
                  </div>
                  <div
                    class="MuiGrid-root MuiGrid-item css-13i4rnv-MuiGrid-root"
                  >
                    <div
                      class="MuiBox-root css-w2mlyf"
                    >
                      <div
                        class="MuiChip-root MuiChip-filled MuiChip-sizeMedium MuiChip-colorDefault MuiChip-filledDefault css-1lvn5ed-MuiChip-root"
                      >
                        <span
                          class="MuiChip-label MuiChip-labelMedium css-6od3lo-MuiChip-label"
                        >
                          Javascript
                        </span>
                      </div>
                    </div>
                  </div>
                  <div
                    class="MuiGrid-root MuiGrid-item css-13i4rnv-MuiGrid-root"
                  >
                    <div
                      class="MuiBox-root css-w2mlyf"
                    >
                      <div
                        class="MuiChip-root MuiChip-filled MuiChip-sizeMedium MuiChip-colorDefault MuiChip-filledDefault css-1lvn5ed-MuiChip-root"
                      >
                        <span
                          class="MuiChip-label MuiChip-labelMedium css-6od3lo-MuiChip-label"
                        >
                          HTML
                        </span>
                      </div>
                    </div>
                  </div>
                  <div
                    class="MuiGrid-root MuiGrid-item css-13i4rnv-MuiGrid-root"
                  >
                    <div
                      class="MuiBox-root css-w2mlyf"
                    >
                      <div
                        class="MuiChip-root MuiChip-filled MuiChip-sizeMedium MuiChip-colorDefault MuiChip-filledDefault css-1lvn5ed-MuiChip-root"
                      >
                        <span
                          class="MuiChip-label MuiChip-labelMedium css-6od3lo-MuiChip-label"
                        >
                          CSS
                        </span>
                      </div>
                    </div>
                  </div>
                </div>
              </div>
              <hr
                class="MuiDivider-root MuiDivider-fullWidth css-9mgopn-MuiDivider-root"
              />
            </div>
            <div
              class="MuiBox-root css-1sf3xto"
            >
              <h6
                class="MuiTypography-root MuiTypography-h6 css-2ulfj5-MuiTypography-root"
              >
                Web Developer
                 / 
                Classtop
              </h6>
              <ul
                class="MuiList-root MuiList-padding MuiList-dense css-h4y409-MuiList-root"
                items="[object Object]"
              >
                <li
                  class="MuiListItem-root MuiListItem-dense MuiListItem-gutters css-198788c-MuiListItem-root"
                >
                  <div
                    class="MuiListItemButton-root MuiListItemButton-dense MuiListItemButton-gutters MuiButtonBase-root css-l18cg-MuiButtonBase-root-MuiListItemButton-root"
                    role="button"
                    tabindex="0"
                  >
                    <div
                      class="MuiListItemIcon-root css-cveggr-MuiListItemIcon-root"
                    >
                      <svg
                        aria-hidden="true"
                        class="MuiSvgIcon-root MuiSvgIcon-fontSizeMedium css-i4bv87-MuiSvgIcon-root"
                        data-testid="DateRangeIcon"
                        focusable="false"
                        viewBox="0 0 24 24"
                      >
                        <path
                          d="M9 11H7v2h2v-2zm4 0h-2v2h2v-2zm4 0h-2v2h2v-2zm2-7h-1V2h-2v2H8V2H6v2H5c-1.11 0-1.99.9-1.99 2L3 20c0 1.1.89 2 2 2h14c1.1 0 2-.9 2-2V6c0-1.1-.9-2-2-2zm0 16H5V9h14v11z"
                        />
                      </svg>
                    </div>
                    <div
                      class="MuiListItemText-root MuiListItemText-dense css-ee2sgw-MuiListItemText-root"
                    >
                      <span
                        class="MuiTypography-root MuiTypography-body2 MuiListItemText-primary css-et1ao3-MuiTypography-root"
                      >
                        Mar, 2008 - Nov, 2010
                      </span>
                    </div>
                    <span
                      class="MuiTouchRipple-root css-8je8zh-MuiTouchRipple-root"
                    />
                  </div>
                </li>
              </ul>
              <ul
                class="MuiList-root MuiList-padding MuiList-dense css-h4y409-MuiList-root"
                items="[object Object],[object Object]"
              >
                <li
                  class="MuiListItem-root MuiListItem-dense MuiListItem-gutters css-198788c-MuiListItem-root"
                >
                  <div
                    class="MuiListItemButton-root MuiListItemButton-dense MuiListItemButton-gutters MuiButtonBase-root css-l18cg-MuiButtonBase-root-MuiListItemButton-root"
                    role="button"
                    tabindex="0"
                  >
                    <div
                      class="MuiListItemText-root MuiListItemText-dense css-ee2sgw-MuiListItemText-root"
                    >
                      <span
                        class="MuiTypography-root MuiTypography-body2 MuiListItemText-primary css-et1ao3-MuiTypography-root"
                      >
                        <p
                          class="MuiTypography-root MuiTypography-body2 css-r40f8v-MuiTypography-root"
                        >
                          Maintained a legacy C# application and developed a low cost efficient PHP application that interfaced with Facebook APIs.
                        </p>
                      </span>
                    </div>
                    <span
                      class="MuiTouchRipple-root css-8je8zh-MuiTouchRipple-root"
                    />
                  </div>
                </li>
                <li
                  class="MuiListItem-root MuiListItem-dense MuiListItem-gutters css-198788c-MuiListItem-root"
                >
                  <div
                    class="MuiListItemButton-root MuiListItemButton-dense MuiListItemButton-gutters MuiButtonBase-root css-l18cg-MuiButtonBase-root-MuiListItemButton-root"
                    role="button"
                    tabindex="0"
                  >
                    <div
                      class="MuiListItemText-root MuiListItemText-dense css-ee2sgw-MuiListItemText-root"
                    >
                      <span
                        class="MuiTypography-root MuiTypography-body2 MuiListItemText-primary css-et1ao3-MuiTypography-root"
                      >
                        <p
                          class="MuiTypography-root MuiTypography-body2 css-r40f8v-MuiTypography-root"
                        >
                          Solved slow database issues caused by many to many connections by implementing a shard system.
                        </p>
                      </span>
                    </div>
                    <span
                      class="MuiTouchRipple-root css-8je8zh-MuiTouchRipple-root"
                    />
                  </div>
                </li>
              </ul>
              <div
                class="MuiBox-root css-w8g6gl"
              >
                <div
                  class="MuiGrid-root MuiGrid-container css-11lq3yg-MuiGrid-root"
                >
                  <div
                    class="MuiGrid-root MuiGrid-item css-13i4rnv-MuiGrid-root"
                  >
                    <div
                      class="MuiBox-root css-w2mlyf"
                    >
                      <div
                        class="MuiChip-root MuiChip-filled MuiChip-sizeMedium MuiChip-colorDefault MuiChip-filledDefault css-1lvn5ed-MuiChip-root"
                      >
                        <span
                          class="MuiChip-label MuiChip-labelMedium css-6od3lo-MuiChip-label"
                        >
                          PHP
                        </span>
                      </div>
                    </div>
                  </div>
                  <div
                    class="MuiGrid-root MuiGrid-item css-13i4rnv-MuiGrid-root"
                  >
                    <div
                      class="MuiBox-root css-w2mlyf"
                    >
                      <div
                        class="MuiChip-root MuiChip-filled MuiChip-sizeMedium MuiChip-colorDefault MuiChip-filledDefault css-1lvn5ed-MuiChip-root"
                      >
                        <span
                          class="MuiChip-label MuiChip-labelMedium css-6od3lo-MuiChip-label"
                        >
                          MySQL
                        </span>
                      </div>
                    </div>
                  </div>
                  <div
                    class="MuiGrid-root MuiGrid-item css-13i4rnv-MuiGrid-root"
                  >
                    <div
                      class="MuiBox-root css-w2mlyf"
                    >
                      <div
                        class="MuiChip-root MuiChip-filled MuiChip-sizeMedium MuiChip-colorDefault MuiChip-filledDefault css-1lvn5ed-MuiChip-root"
                      >
                        <span
                          class="MuiChip-label MuiChip-labelMedium css-6od3lo-MuiChip-label"
                        >
                          Javascript
                        </span>
                      </div>
                    </div>
                  </div>
                  <div
                    class="MuiGrid-root MuiGrid-item css-13i4rnv-MuiGrid-root"
                  >
                    <div
                      class="MuiBox-root css-w2mlyf"
                    >
                      <div
                        class="MuiChip-root MuiChip-filled MuiChip-sizeMedium MuiChip-colorDefault MuiChip-filledDefault css-1lvn5ed-MuiChip-root"
                      >
                        <span
                          class="MuiChip-label MuiChip-labelMedium css-6od3lo-MuiChip-label"
                        >
                          HTML
                        </span>
                      </div>
                    </div>
                  </div>
                  <div
                    class="MuiGrid-root MuiGrid-item css-13i4rnv-MuiGrid-root"
                  >
                    <div
                      class="MuiBox-root css-w2mlyf"
                    >
                      <div
                        class="MuiChip-root MuiChip-filled MuiChip-sizeMedium MuiChip-colorDefault MuiChip-filledDefault css-1lvn5ed-MuiChip-root"
                      >
                        <span
                          class="MuiChip-label MuiChip-labelMedium css-6od3lo-MuiChip-label"
                        >
                          CSS
                        </span>
                      </div>
                    </div>
                  </div>
                </div>
              </div>
              <hr
                class="MuiDivider-root MuiDivider-fullWidth css-9mgopn-MuiDivider-root"
              />
            </div>
            <div
              class="MuiBox-root css-1sf3xto"
            >
              <h6
                class="MuiTypography-root MuiTypography-h6 css-2ulfj5-MuiTypography-root"
              >
                Senior Software Engineer
                 / 
                Stevens-Henager College
              </h6>
              <ul
                class="MuiList-root MuiList-padding MuiList-dense css-h4y409-MuiList-root"
                items="[object Object]"
              >
                <li
                  class="MuiListItem-root MuiListItem-dense MuiListItem-gutters css-198788c-MuiListItem-root"
                >
                  <div
                    class="MuiListItemButton-root MuiListItemButton-dense MuiListItemButton-gutters MuiButtonBase-root css-l18cg-MuiButtonBase-root-MuiListItemButton-root"
                    role="button"
                    tabindex="0"
                  >
                    <div
                      class="MuiListItemIcon-root css-cveggr-MuiListItemIcon-root"
                    >
                      <svg
                        aria-hidden="true"
                        class="MuiSvgIcon-root MuiSvgIcon-fontSizeMedium css-i4bv87-MuiSvgIcon-root"
                        data-testid="DateRangeIcon"
                        focusable="false"
                        viewBox="0 0 24 24"
                      >
                        <path
                          d="M9 11H7v2h2v-2zm4 0h-2v2h2v-2zm4 0h-2v2h2v-2zm2-7h-1V2h-2v2H8V2H6v2H5c-1.11 0-1.99.9-1.99 2L3 20c0 1.1.89 2 2 2h14c1.1 0 2-.9 2-2V6c0-1.1-.9-2-2-2zm0 16H5V9h14v11z"
                        />
                      </svg>
                    </div>
                    <div
                      class="MuiListItemText-root MuiListItemText-dense css-ee2sgw-MuiListItemText-root"
                    >
                      <span
                        class="MuiTypography-root MuiTypography-body2 MuiListItemText-primary css-et1ao3-MuiTypography-root"
                      >
                        Apr, 2002 - Oct, 2006
                      </span>
                    </div>
                    <span
                      class="MuiTouchRipple-root css-8je8zh-MuiTouchRipple-root"
                    />
                  </div>
                </li>
              </ul>
              <ul
                class="MuiList-root MuiList-padding MuiList-dense css-h4y409-MuiList-root"
                items="[object Object],[object Object]"
              >
                <li
                  class="MuiListItem-root MuiListItem-dense MuiListItem-gutters css-198788c-MuiListItem-root"
                >
                  <div
                    class="MuiListItemButton-root MuiListItemButton-dense MuiListItemButton-gutters MuiButtonBase-root css-l18cg-MuiButtonBase-root-MuiListItemButton-root"
                    role="button"
                    tabindex="0"
                  >
                    <div
                      class="MuiListItemText-root MuiListItemText-dense css-ee2sgw-MuiListItemText-root"
                    >
                      <span
                        class="MuiTypography-root MuiTypography-body2 MuiListItemText-primary css-et1ao3-MuiTypography-root"
                      >
                        <p
                          class="MuiTypography-root MuiTypography-body2 css-r40f8v-MuiTypography-root"
                        >
                          Created and maintained many ColdFusion servers that processed student, financial, and admissions information.
                        </p>
                      </span>
                    </div>
                    <span
                      class="MuiTouchRipple-root css-8je8zh-MuiTouchRipple-root"
                    />
                  </div>
                </li>
                <li
                  class="MuiListItem-root MuiListItem-dense MuiListItem-gutters css-198788c-MuiListItem-root"
                >
                  <div
                    class="MuiListItemButton-root MuiListItemButton-dense MuiListItemButton-gutters MuiButtonBase-root css-l18cg-MuiButtonBase-root-MuiListItemButton-root"
                    role="button"
                    tabindex="0"
                  >
                    <div
                      class="MuiListItemText-root MuiListItemText-dense css-ee2sgw-MuiListItemText-root"
                    >
                      <span
                        class="MuiTypography-root MuiTypography-body2 MuiListItemText-primary css-et1ao3-MuiTypography-root"
                      >
                        <p
                          class="MuiTypography-root MuiTypography-body2 css-r40f8v-MuiTypography-root"
                        >
                          Implemented many tools in reporting and scheduling that improved many admin processes.
                        </p>
                      </span>
                    </div>
                    <span
                      class="MuiTouchRipple-root css-8je8zh-MuiTouchRipple-root"
                    />
                  </div>
                </li>
              </ul>
              <div
                class="MuiBox-root css-w8g6gl"
              >
                <div
                  class="MuiGrid-root MuiGrid-container css-11lq3yg-MuiGrid-root"
                >
                  <div
                    class="MuiGrid-root MuiGrid-item css-13i4rnv-MuiGrid-root"
                  >
                    <div
                      class="MuiBox-root css-w2mlyf"
                    >
                      <div
                        class="MuiChip-root MuiChip-filled MuiChip-sizeMedium MuiChip-colorDefault MuiChip-filledDefault css-1lvn5ed-MuiChip-root"
                      >
                        <span
                          class="MuiChip-label MuiChip-labelMedium css-6od3lo-MuiChip-label"
                        >
                          Coldfusion
                        </span>
                      </div>
                    </div>
                  </div>
                  <div
                    class="MuiGrid-root MuiGrid-item css-13i4rnv-MuiGrid-root"
                  >
                    <div
                      class="MuiBox-root css-w2mlyf"
                    >
                      <div
                        class="MuiChip-root MuiChip-filled MuiChip-sizeMedium MuiChip-colorDefault MuiChip-filledDefault css-1lvn5ed-MuiChip-root"
                      >
                        <span
                          class="MuiChip-label MuiChip-labelMedium css-6od3lo-MuiChip-label"
                        >
                          Oracle
                        </span>
                      </div>
                    </div>
                  </div>
                  <div
                    class="MuiGrid-root MuiGrid-item css-13i4rnv-MuiGrid-root"
                  >
                    <div
                      class="MuiBox-root css-w2mlyf"
                    >
                      <div
                        class="MuiChip-root MuiChip-filled MuiChip-sizeMedium MuiChip-colorDefault MuiChip-filledDefault css-1lvn5ed-MuiChip-root"
                      >
                        <span
                          class="MuiChip-label MuiChip-labelMedium css-6od3lo-MuiChip-label"
                        >
                          Javascript
                        </span>
                      </div>
                    </div>
                  </div>
                  <div
                    class="MuiGrid-root MuiGrid-item css-13i4rnv-MuiGrid-root"
                  >
                    <div
                      class="MuiBox-root css-w2mlyf"
                    >
                      <div
                        class="MuiChip-root MuiChip-filled MuiChip-sizeMedium MuiChip-colorDefault MuiChip-filledDefault css-1lvn5ed-MuiChip-root"
                      >
                        <span
                          class="MuiChip-label MuiChip-labelMedium css-6od3lo-MuiChip-label"
                        >
                          HTML
                        </span>
                      </div>
                    </div>
                  </div>
                  <div
                    class="MuiGrid-root MuiGrid-item css-13i4rnv-MuiGrid-root"
                  >
                    <div
                      class="MuiBox-root css-w2mlyf"
                    >
                      <div
                        class="MuiChip-root MuiChip-filled MuiChip-sizeMedium MuiChip-colorDefault MuiChip-filledDefault css-1lvn5ed-MuiChip-root"
                      >
                        <span
                          class="MuiChip-label MuiChip-labelMedium css-6od3lo-MuiChip-label"
                        >
                          CSS
                        </span>
                      </div>
                    </div>
                  </div>
                </div>
              </div>
              <hr
                class="MuiDivider-root MuiDivider-fullWidth css-9mgopn-MuiDivider-root"
              />
            </div>
          </div>
        </div>
      </div>
    </div>
  </div>
  <footer
    class="css-12748eg"
  >
    <div
      class="MuiGrid-root MuiGrid-container MuiGrid-item MuiGrid-direction-xs-column css-v2miw0-MuiGrid-root"
    >
      <a
        class="MuiTypography-root MuiTypography-inherit MuiLink-root MuiLink-underlineHover css-le90w3-MuiTypography-root-MuiLink-root"
        href="/"
        rel="noreferrer"
        target="_blank"
      >
        andrewgbliss.com
      </a>
    </div>
  </footer>
</div>
`;
